  Determining projects to restore...
C:\Users\cambr\source\repos\mangamesh\mangamesh-client\src\MangaMesh.Client\MangaMesh.Client.Dht.TestHarness\MangaMesh.Client.Dht.TestHarness.csproj : warning NU1903: Package 'Microsoft.Extensions.Caching.Memory' 8.0.0 has a known high severity vulnerability, https://github.com/advisories/GHSA-qj66-m88j-hmgj
  All projects are up-to-date for restore.
C:\Users\cambr\source\repos\mangamesh\mangamesh-client\src\MangaMesh.Client\MangaMesh.Client.Dht.TestHarness\MangaMesh.Client.Dht.TestHarness.csproj : warning NU1903: Package 'Microsoft.Extensions.Caching.Memory' 8.0.0 has a known high severity vulnerability, https://github.com/advisories/GHSA-qj66-m88j-hmgj
  MangaMesh.Shared -> C:\Users\cambr\source\repos\mangamesh\mangamesh-shared\src\MangaMesh.Shared\MangaMesh.Shared\bin\Debug\net8.0\MangaMesh.Shared.dll
  MangaMesh.Client -> C:\Users\cambr\source\repos\mangamesh\mangamesh-client\src\MangaMesh.Client\MangaMesh.Client\bin\Debug\net8.0\MangaMesh.Client.dll
C:\Users\cambr\source\repos\mangamesh\mangamesh-client\src\MangaMesh.Client\MangaMesh.Client.Dht.TestHarness\Program.cs(195,25): error CS7036: There is no argument given that corresponds to the required parameter 'PublicKeyBase64' of 'PublicPrivateKeyPair.PublicPrivateKeyPair(string, string)' [C:\Users\cambr\source\repos\mangamesh\mangamesh-client\src\MangaMesh.Client\MangaMesh.Client.Dht.TestHarness\MangaMesh.Client.Dht.TestHarness.csproj]
C:\Users\cambr\source\repos\mangamesh\mangamesh-client\src\MangaMesh.Client\MangaMesh.Client.Dht.TestHarness\Program.cs(162,67): error CS7036: There is no argument given that corresponds to the required parameter 'length' of 'Convert.ToHexString(byte[], int, int)' [C:\Users\cambr\source\repos\mangamesh\mangamesh-client\src\MangaMesh.Client\MangaMesh.Client.Dht.TestHarness\MangaMesh.Client.Dht.TestHarness.csproj]

Build FAILED.

C:\Users\cambr\source\repos\mangamesh\mangamesh-client\src\MangaMesh.Client\MangaMesh.Client.Dht.TestHarness\MangaMesh.Client.Dht.TestHarness.csproj : warning NU1903: Package 'Microsoft.Extensions.Caching.Memory' 8.0.0 has a known high severity vulnerability, https://github.com/advisories/GHSA-qj66-m88j-hmgj
C:\Users\cambr\source\repos\mangamesh\mangamesh-client\src\MangaMesh.Client\MangaMesh.Client.Dht.TestHarness\MangaMesh.Client.Dht.TestHarness.csproj : warning NU1903: Package 'Microsoft.Extensions.Caching.Memory' 8.0.0 has a known high severity vulnerability, https://github.com/advisories/GHSA-qj66-m88j-hmgj
C:\Users\cambr\source\repos\mangamesh\mangamesh-client\src\MangaMesh.Client\MangaMesh.Client.Dht.TestHarness\Program.cs(195,25): error CS7036: There is no argument given that corresponds to the required parameter 'PublicKeyBase64' of 'PublicPrivateKeyPair.PublicPrivateKeyPair(string, string)' [C:\Users\cambr\source\repos\mangamesh\mangamesh-client\src\MangaMesh.Client\MangaMesh.Client.Dht.TestHarness\MangaMesh.Client.Dht.TestHarness.csproj]
C:\Users\cambr\source\repos\mangamesh\mangamesh-client\src\MangaMesh.Client\MangaMesh.Client.Dht.TestHarness\Program.cs(162,67): error CS7036: There is no argument given that corresponds to the required parameter 'length' of 'Convert.ToHexString(byte[], int, int)' [C:\Users\cambr\source\repos\mangamesh\mangamesh-client\src\MangaMesh.Client\MangaMesh.Client.Dht.TestHarness\MangaMesh.Client.Dht.TestHarness.csproj]
    2 Warning(s)
    2 Error(s)

Time Elapsed 00:00:02.41
